Starting Backend API Verification...

Testing [POST] /auth/signup... Γ£à PASSED
Testing [POST] /auth/login... Γ£à PASSED
Testing [POST] /upload... Γ£à PASSED

Testing External OpenAI APIs...
Testing [POST] /ai/explain... Γ¥î FAILED (500) - Failed to generate lesson
Testing [POST] /ai/quiz... Γ¥î FAILED (500) - Failed to generate quiz
Testing Mock Test Flow (Adaptive Logic)...
Testing [POST] /ai/adapt... Γ£à PASSED
  Score 80 -> Route Mode: revision
Testing [POST] /ai/adapt... Γ£à PASSED
  Score 60 -> Route Mode: reteach
Testing [POST] /ai/adapt... Γ£à PASSED
  Score 40 -> Route Mode: chunks
Testing [POST] /ai/adapt... Γ£à PASSED
  Score 20 -> Route Mode: visual

Testing YouTube API Integration...
Testing [GET] /youtube/search?topic=recursion%20tutorial%20beginner... Γ£à PASSED
  YouTube Video ID Retrieved: 9OsMG4fI4OY

==========================================
ΓÜá∩╕Å 2 ROUTES FAILED VERIFICATION.
